
> q-billing-app@0.1.0 test
> vitest run


[1m[46m RUN [49m[22m [36mv4.0.16 [39m[90mD:/Development/QBilling[39m

 [32mΓ£ô[39m src/lib/id.test.ts [2m([22m[2m1 test[22m[2m)[22m[32m 7[2mms[22m[39m
 [32mΓ£ô[39m src/lib/export/zip.test.ts [2m([22m[2m2 tests[22m[2m)[22m[32m 9[2mms[22m[39m
 [32mΓ£ô[39m src/lib/storage/invoicesRepo.test.ts [2m([22m[2m3 tests[22m[2m)[22m[32m 18[2mms[22m[39m
 [32mΓ£ô[39m src/lib/reports/tax.test.ts [2m([22m[2m1 test[22m[2m)[22m[32m 31[2mms[22m[39m
 [32mΓ£ô[39m src/lib/storage/templatesRepo.test.ts [2m([22m[2m2 tests[22m[2m)[22m[32m -9260420[2mms[22m[39m

[2m Test Files [22m [1m[32m5 passed[39m[22m[90m (5)[39m
[2m      Tests [22m [1m[32m9 passed[39m[22m[90m (9)[39m
[2m   Start at [22m 10:01:05
[2m   Duration [22m 1.15s[2m (transform 817ms, setup 0ms, import 1.82s, tests 64ms, environment 2ms)[22m

